2026-03-14 02:55:19 EET LOG:  database system was shut down at 2026-03-14 02:54:40 EET
2026-03-14 03:00:19 EET LOG:  checkpoint starting: time
2026-03-14 03:00:20 EET LOG:  checkpoint complete: wrote 0 buffers (0.0%), wrote 3 SLRU buffers; 0 WAL file(s) added, 0 removed, 0 recycled; write=0.003 s, sync=0.005 s, total=0.082 s; sync files=2, longest=0.005 s, average=0.003 s; distance=0 kB, estimate=0 kB; lsn=0/261AC40, redo lsn=0/261ABE8
2026-03-14 20:32:40 EET LOG:  checkpoint starting: time
2026-03-14 20:32:41 EET LOG:  checkpoint complete: wrote 5 buffers (0.0%), wrote 1 SLRU buffers; 0 WAL file(s) added, 0 removed, 0 recycled; write=0.547 s, sync=0.018 s, total=0.606 s; sync files=4, longest=0.005 s, average=0.005 s; distance=0 kB, estimate=0 kB; lsn=0/261AFD0, redo lsn=0/261AF78
2026-03-14 21:42:40 EET LOG:  checkpoint starting: time
2026-03-14 21:42:40 EET LOG:  checkpoint complete: wrote 3 buffers (0.0%), wrote 1 SLRU buffers; 0 WAL file(s) added, 0 removed, 0 recycled; write=0.325 s, sync=0.017 s, total=0.371 s; sync files=4, longest=0.005 s, average=0.005 s; distance=2 kB, estimate=2 kB; lsn=0/261B960, redo lsn=0/261B908
2026-03-16 00:28:19 EET FATAL:  database "finance_db" does not exist
2026-03-16 00:28:19 EET FATAL:  database "finance_db" does not exist
2026-03-16 00:28:19 EET FATAL:  database "finance_db" does not exist
2026-03-16 00:28:19 EET FATAL:  database "finance_db" does not exist
2026-03-16 00:28:22 EET LOG:  could not receive data from client: An existing connection was forcibly closed by the remote host.
	
2026-03-16 00:30:45 EET LOG:  checkpoint starting: time
2026-03-16 00:32:36 EET LOG:  checkpoint complete: wrote 1007 buffers (6.1%), wrote 1 SLRU buffers; 0 WAL file(s) added, 0 removed, 0 recycled; write=109.797 s, sync=1.172 s, total=111.002 s; sync files=319, longest=0.024 s, average=0.004 s; distance=4787 kB, estimate=4787 kB; lsn=0/2AC8820, redo lsn=0/2AC8790
2026-03-16 00:35:45 EET LOG:  checkpoint starting: time
2026-03-16 00:35:46 EET LOG:  checkpoint complete: wrote 8 buffers (0.0%), wrote 1 SLRU buffers; 0 WAL file(s) added, 0 removed, 0 recycled; write=0.888 s, sync=0.025 s, total=0.934 s; sync files=7, longest=0.005 s, average=0.004 s; distance=3 kB, estimate=4309 kB; lsn=0/2AC9508, redo lsn=0/2AC94B0
2026-03-16 00:40:24 EET LOG:  could not receive data from client: An existing connection was forcibly closed by the remote host.
	
2026-03-16 00:40:24 EET LOG:  could not receive data from client: An existing connection was forcibly closed by the remote host.
	
2026-03-16 00:40:24 EET LOG:  could not receive data from client: An existing connection was forcibly closed by the remote host.
	
2026-03-16 00:40:45 EET LOG:  checkpoint starting: time
2026-03-16 00:40:46 EET LOG:  checkpoint complete: wrote 6 buffers (0.0%), wrote 1 SLRU buffers; 0 WAL file(s) added, 0 removed, 0 recycled; write=0.657 s, sync=0.029 s, total=0.705 s; sync files=6, longest=0.005 s, average=0.005 s; distance=1 kB, estimate=3878 kB; lsn=0/2AC9C90, redo lsn=0/2AC9C38
2026-03-16 00:50:45 EET LOG:  checkpoint starting: time
2026-03-16 00:50:48 EET LOG:  checkpoint complete: wrote 12 buffers (0.1%), wrote 0 SLRU buffers; 0 WAL file(s) added, 0 removed, 0 recycled; write=1.305 s, sync=2.019 s, total=3.359 s; sync files=5, longest=0.520 s, average=0.404 s; distance=76 kB, estimate=3498 kB; lsn=0/2ADD018, redo lsn=0/2ADCF88
2026-03-16 00:52:10 EET FATAL:  terminating connection due to administrator command
2026-03-16 00:52:10 EET FATAL:  terminating connection due to administrator command
2026-03-16 00:52:10 EET FATAL:  terminating connection due to administrator command
2026-03-16 00:52:10 EET FATAL:  terminating connection due to administrator command
2026-03-16 00:52:10 EET FATAL:  terminating connection due to administrator command
2026-03-16 00:52:10 EET FATAL:  terminating connection due to administrator command
2026-03-16 00:52:10 EET FATAL:  terminating connection due to administrator command
2026-03-16 00:52:10 EET FATAL:  terminating connection due to administrator command
2026-03-16 00:52:10 EET FATAL:  terminating connection due to administrator command
2026-03-16 00:52:10 EET LOG:  shutting down
2026-03-16 00:52:10 EET LOG:  checkpoint starting: shutdown immediate
2026-03-16 00:52:10 EET LOG:  checkpoint complete: wrote 0 buffers (0.0%), wrote 0 SLRU buffers; 0 WAL file(s) added, 0 removed, 0 recycled; write=0.002 s, sync=0.001 s, total=0.031 s; sync files=0, longest=0.000 s, average=0.000 s; distance=0 kB, estimate=3148 kB; lsn=0/2ADD0C8, redo lsn=0/2ADD0C8
